
 *******************************************************************************
 *   ___                                                                       *
 *  /   \                                                                      *
 * [ABORT]                                                                     *
 *  \___/    The specified OLD file <input.inp> cannot be opened. It does not  *
 *    |               exist. Data directory path: /data/jxzhu/basis/           *
 *  O/|                                                                        *
 * /| |                                                                        *
 * / \                                                   common/cp_files.F:404 *
 *******************************************************************************


 ===== Routine Calling Stack ===== 

            1 read_input
