LAMMPS (29 Sep 2021 - Update 3)
Reading data file ...
  orthogonal box = (0.0000000 0.0000000 0.0000000) to (20.000000 20.000000 50.000000)
  1 by 1 by 1 MPI processor grid
  reading atoms ...
  4 atoms
Finding 1-2 1-3 1-4 neighbors ...
  special bond factors lj:    0        0        0       
  special bond factors coul:  0        0        0       
     0 = max # of 1-2 neighbors
     0 = max # of 1-3 neighbors
     0 = max # of 1-4 neighbors
     1 = max # of special neighbors
  special bonds CPU = 0.000 seconds
  read_data CPU = 0.004 seconds
Setting atom values ...
  2 settings made for charge
Setting atom values ...
  2 settings made for charge
EwaldDPFF initialization ...
xprd: 20
yprd: 20
zprd: 50
gsqmx: 2.46743
volume: 20000
  using polynomial approximation for long-range coulomb (../kspace.cpp:342)
  G vector (1/distance) = 0.26069491
  estimated absolute RMS force accuracy = 0.00014741301
  estimated relative force accuracy = 1.0237267e-05
  KSpace vectors: actual max1d max3d = 635 11 6083
                  kxmax kymax kzmax  = 5 5 11
Neighbor list info ...
  update every 1 steps, delay 10 steps, check yes
  max neighbors/atom: 2000, page size: 100000
  master list distance cutoff = 12
  ghost atom cutoff = 12
  binsize = 6, bins = 4 4 9
  1 neighbor lists, perpetual/occasional/extra = 1 0 0
  (1) pair coul/long/dpff, perpetual
      attributes: half, newton on
      pair build: half/bin/newton
      stencil: half/bin/3d
      bin: standard
Setting up Verlet run ...
  Unit style    : metal
  Current step  : 0
  Time step     : 2
gsqmx: 2.46743
volume: 20000
qscale: 14.3996
Per MPI rank memory allocation (min/avg/max) = 25.88 | 25.88 | 25.88 Mbytes
Step PotEng TotEng E_coul E_long 
       0   -5.9466424   -5.9466424  -0.37595613   -5.5706862 
Loop time of 9.53674e-07 on 1 procs for 0 steps with 4 atoms

0.0% CPU use with 1 MPI tasks x no OpenMP threads

MPI task timing breakdown:
Section |  min time  |  avg time  |  max time  |%varavg| %total
---------------------------------------------------------------
Pair    | 0          | 0          | 0          |   0.0 |  0.00
Bond    | 0          | 0          | 0          |   0.0 |  0.00
Kspace  | 0          | 0          | 0          |   0.0 |  0.00
Neigh   | 0          | 0          | 0          |   0.0 |  0.00
Comm    | 0          | 0          | 0          |   0.0 |  0.00
Output  | 0          | 0          | 0          |   0.0 |  0.00
Modify  | 0          | 0          | 0          |   0.0 |  0.00
Other   |            | 9.537e-07  |            |       |100.00

Nlocal:        4.00000 ave           4 max           4 min
Histogram: 1 0 0 0 0 0 0 0 0 0
Nghost:        26.0000 ave          26 max          26 min
Histogram: 1 0 0 0 0 0 0 0 0 0
Neighs:        2.00000 ave           2 max           2 min
Histogram: 1 0 0 0 0 0 0 0 0 0

Total # of neighbors = 2
Ave neighs/atom = 0.50000000
Ave special neighs/atom = 0.0000000
Neighbor list builds = 0
Dangerous builds = 0
Total wall time: 0:00:00
